﻿
> frontend@0.0.0 build
> vite build

[36mvite v5.4.21 [32mbuilding for production...[36m[39m
transforming...
node.exe : DEPRECATION WARNING [legacy-js-api]: The legacy JS API is deprecated and will be removed in Dart Sass 2.0.0.
位於 線路:1 字元:1
+ & "C:\Program Files\nodejs/node.exe" "C:\Program Files\nodejs/node_mo ...
+ ~~~~~~~~~~~~~~~~~~~~~~~~~~~~~~~~~~~~~~~~~~~~~~~~~~~~~~~~~~~~~~~~~~~~~
    + CategoryInfo          : NotSpecified: (DEPRECATION WAR...art Sass 2.0.0.:String) [], RemoteException
    + FullyQualifiedErrorId : NativeCommandError
 

More info: https://sass-lang.com/d/legacy-js-api

DEPRECATION WARNING [legacy-js-api]: The legacy JS API is deprecated and will be removed in Dart Sass 2.0.0.

More info: https://sass-lang.com/d/legacy-js-api

DEPRECATION WARNING [legacy-js-api]: The legacy JS API is deprecated and will be removed in Dart Sass 2.0.0.

More info: https://sass-lang.com/d/legacy-js-api

DEPRECATION WARNING [import]: Sass @import rules are deprecated and will be removed in Dart Sass 3.0.0.

More info and automated migrator: https://sass-lang.com/d/import

  ??2 ??@import '../../assets/_variables.scss';
  ??        ^^^^^^^^^^^^^^^^^^^^^^^^^^^^^^
  ??    src\components\layout\Navbar.vue 2:9  root stylesheet

DEPRECATION WARNING [legacy-js-api]: The legacy JS API is deprecated and will be removed in Dart Sass 2.0.0.

More info: https://sass-lang.com/d/legacy-js-api

DEPRECATION WARNING [import]: Sass @import rules are deprecated and will be removed in Dart Sass 3.0.0.

More info and automated migrator: https://sass-lang.com/d/import

  ??2 ??@import '../assets/_variables.scss';
  ??        ^^^^^^^^^^^^^^^^^^^^^^^^^^^
  ??    src\views\Home.vue 2:9  root stylesheet

DEPRECATION WARNING [legacy-js-api]: The legacy JS API is deprecated and will be removed in Dart Sass 2.0.0.

More info: https://sass-lang.com/d/legacy-js-api

DEPRECATION WARNING [import]: Sass @import rules are deprecated and will be removed in Dart Sass 3.0.0.

More info and automated migrator: https://sass-lang.com/d/import

  ??2 ??@import '../assets/_variables.scss';
  ??        ^^^^^^^^^^^^^^^^^^^^^^^^^^^
  ??    src\views\Login.vue 2:9  root stylesheet

DEPRECATION WARNING [legacy-js-api]: The legacy JS API is deprecated and will be removed in Dart Sass 2.0.0.

More info: https://sass-lang.com/d/legacy-js-api

DEPRECATION WARNING [import]: Sass @import rules are deprecated and will be removed in Dart Sass 3.0.0.

More info and automated migrator: https://sass-lang.com/d/import

  ??2 ??@import '../assets/_variables.scss';
  ??        ^^^^^^^^^^^^^^^^^^^^^^^^^^^
  ??    src\views\ProfileComplete.vue 2:9  root stylesheet

DEPRECATION WARNING [legacy-js-api]: The legacy JS API is deprecated and will be removed in Dart Sass 2.0.0.

More info: https://sass-lang.com/d/legacy-js-api

DEPRECATION WARNING [import]: Sass @import rules are deprecated and will be removed in Dart Sass 3.0.0.

More info and automated migrator: https://sass-lang.com/d/import

  ??2 ??@import '../assets/_variables.scss';
  ??        ^^^^^^^^^^^^^^^^^^^^^^^^^^^
  ??    src\views\MemberCenter.vue 2:9  root stylesheet

DEPRECATION WARNING [legacy-js-api]: The legacy JS API is deprecated and will be removed in Dart Sass 2.0.0.

More info: https://sass-lang.com/d/legacy-js-api

DEPRECATION WARNING [import]: Sass @import rules are deprecated and will be removed in Dart Sass 3.0.0.

More info and automated migrator: https://sass-lang.com/d/import

  ??2 ??@import '../assets/_variables.scss';
  ??        ^^^^^^^^^^^^^^^^^^^^^^^^^^^
  ??    src\views\Cart.vue 2:9  root stylesheet

DEPRECATION WARNING [legacy-js-api]: The legacy JS API is deprecated and will be removed in Dart Sass 2.0.0.

More info: https://sass-lang.com/d/legacy-js-api

DEPRECATION WARNING [import]: Sass @import rules are deprecated and will be removed in Dart Sass 3.0.0.

More info and automated migrator: https://sass-lang.com/d/import

  ??2 ??@import '../assets/_variables.scss';
  ??        ^^^^^^^^^^^^^^^^^^^^^^^^^^^
  ??    src\views\Products.vue 2:9  root stylesheet

DEPRECATION WARNING [legacy-js-api]: The legacy JS API is deprecated and will be removed in Dart Sass 2.0.0.

More info: https://sass-lang.com/d/legacy-js-api

DEPRECATION WARNING [import]: Sass @import rules are deprecated and will be removed in Dart Sass 3.0.0.

More info and automated migrator: https://sass-lang.com/d/import

  ??2 ??@import '../assets/_variables.scss';
  ??        ^^^^^^^^^^^^^^^^^^^^^^^^^^^
  ??    src\views\ProjectDetail.vue 2:9  root stylesheet

DEPRECATION WARNING [legacy-js-api]: The legacy JS API is deprecated and will be removed in Dart Sass 2.0.0.

More info: https://sass-lang.com/d/legacy-js-api

DEPRECATION WARNING [import]: Sass @import rules are deprecated and will be removed in Dart Sass 3.0.0.

More info and automated migrator: https://sass-lang.com/d/import

  ??2 ??@import '../assets/_variables.scss';
  ??        ^^^^^^^^^^^^^^^^^^^^^^^^^^^
  ??    src\views\Checkout.vue 2:9  root stylesheet

DEPRECATION WARNING [legacy-js-api]: The legacy JS API is deprecated and will be removed in Dart Sass 2.0.0.

More info: https://sass-lang.com/d/legacy-js-api

DEPRECATION WARNING [import]: Sass @import rules are deprecated and will be removed in Dart Sass 3.0.0.

More info and automated migrator: https://sass-lang.com/d/import

  ??2 ??@import '../assets/_variables.scss';
  ??        ^^^^^^^^^^^^^^^^^^^^^^^^^^^
  ??    src\views\PortfolioCategory.vue 2:9  root stylesheet

DEPRECATION WARNING [legacy-js-api]: The legacy JS API is deprecated and will be removed in Dart Sass 2.0.0.

More info: https://sass-lang.com/d/legacy-js-api

DEPRECATION WARNING [import]: Sass @import rules are deprecated and will be removed in Dart Sass 3.0.0.

More info and automated migrator: https://sass-lang.com/d/import

  ??2 ??@import '../assets/_variables.scss';
  ??        ^^^^^^^^^^^^^^^^^^^^^^^^^^^
  ??    src\views\Booking.vue 2:9  root stylesheet

DEPRECATION WARNING [legacy-js-api]: The legacy JS API is deprecated and will be removed in Dart Sass 2.0.0.

More info: https://sass-lang.com/d/legacy-js-api

DEPRECATION WARNING [import]: Sass @import rules are deprecated and will be removed in Dart Sass 3.0.0.

More info and automated migrator: https://sass-lang.com/d/import

  ??2 ??@import '../../assets/_variables.scss';
  ??        ^^^^^^^^^^^^^^^^^^^^^^^^^^^^^^
  ??    src\views\admin\Bookings.vue 2:9  root stylesheet

DEPRECATION WARNING [legacy-js-api]: The legacy JS API is deprecated and will be removed in Dart Sass 2.0.0.

More info: https://sass-lang.com/d/legacy-js-api

DEPRECATION WARNING [legacy-js-api]: The legacy JS API is deprecated and will be removed in Dart Sass 2.0.0.

More info: https://sass-lang.com/d/legacy-js-api

DEPRECATION WARNING [import]: Sass @import rules are deprecated and will be removed in Dart Sass 3.0.0.

More info and automated migrator: https://sass-lang.com/d/import

  ??2 ??@import '../../assets/_variables.scss';
  ??        ^^^^^^^^^^^^^^^^^^^^^^^^^^^^^^
  ??    src\views\admin\Members.vue 2:9  root stylesheet

DEPRECATION WARNING [legacy-js-api]: The legacy JS API is deprecated and will be removed in Dart Sass 2.0.0.

More info: https://sass-lang.com/d/legacy-js-api

DEPRECATION WARNING [import]: Sass @import rules are deprecated and will be removed in Dart Sass 3.0.0.

More info and automated migrator: https://sass-lang.com/d/import

  ??2 ??@import '../../assets/_variables.scss';
  ??        ^^^^^^^^^^^^^^^^^^^^^^^^^^^^^^
  ??    src\views\admin\Products.vue 2:9  root stylesheet

DEPRECATION WARNING [legacy-js-api]: The legacy JS API is deprecated and will be removed in Dart Sass 2.0.0.

More info: https://sass-lang.com/d/legacy-js-api

DEPRECATION WARNING [import]: Sass @import rules are deprecated and will be removed in Dart Sass 3.0.0.

More info and automated migrator: https://sass-lang.com/d/import

  ??2 ??@import '../../assets/_variables.scss';
  ??        ^^^^^^^^^^^^^^^^^^^^^^^^^^^^^^
  ??    src\views\admin\Portfolio.vue 2:9  root stylesheet

DEPRECATION WARNING [legacy-js-api]: The legacy JS API is deprecated and will be removed in Dart Sass 2.0.0.

More info: https://sass-lang.com/d/legacy-js-api

DEPRECATION WARNING [import]: Sass @import rules are deprecated and will be removed in Dart Sass 3.0.0.

More info and automated migrator: https://sass-lang.com/d/import

  ??2 ??@import '../../assets/_variables.scss';
  ??        ^^^^^^^^^^^^^^^^^^^^^^^^^^^^^^
  ??    src\views\admin\Announcements.vue 2:9  root stylesheet

DEPRECATION WARNING [legacy-js-api]: The legacy JS API is deprecated and will be removed in Dart Sass 2.0.0.

More info: https://sass-lang.com/d/legacy-js-api

DEPRECATION WARNING [import]: Sass @import rules are deprecated and will be removed in Dart Sass 3.0.0.

More info and automated migrator: https://sass-lang.com/d/import

  ??2 ??@import '../../assets/_variables.scss';
  ??        ^^^^^^^^^^^^^^^^^^^^^^^^^^^^^^
  ??    src\views\admin\Orders.vue 2:9  root stylesheet

DEPRECATION WARNING [legacy-js-api]: The legacy JS API is deprecated and will be removed in Dart Sass 2.0.0.

More info: https://sass-lang.com/d/legacy-js-api

DEPRECATION WARNING [legacy-js-api]: The legacy JS API is deprecated and will be removed in Dart Sass 2.0.0.

More info: https://sass-lang.com/d/legacy-js-api

DEPRECATION WARNING [import]: Sass @import rules are deprecated and will be removed in Dart Sass 3.0.0.

More info and automated migrator: https://sass-lang.com/d/import

  ??2 ??@import '../../assets/_variables.scss';
  ??        ^^^^^^^^^^^^^^^^^^^^^^^^^^^^^^
  ??    src\components\common\DatePicker.vue 2:9  root stylesheet

[32m??[39m 143 modules transformed.
